// Jest Snapshot v1, https://goo.gl/fbAQLP

exports[`App component renders App 1`] = `
<DocumentFragment>
  <form>
    <span>
      Title: 
    </span>
    <input
      placeholder="Title"
      type="text"
      value=""
    />
    <span>
      Body: 
    </span>
    <input
      placeholder="Body"
      type="body"
      value=""
    />
    <button
      class="create"
    >
      Create Post
    </button>
  </form>
  <div>
    <div
      class="post"
    >
      <h3>
        Delete:
      </h3>
      <h3>
        Id:
      </h3>
      <h3>
        Title:
      </h3>
      <h3>
        Body:
      </h3>
    </div>
  </div>
</DocumentFragment>
`;
